mode: set
github.com/zenmanage/zenmanage-go/examples/ab_testing.go:10.63,12.16 2 0
github.com/zenmanage/zenmanage-go/examples/ab_testing.go:12.16,14.3 1 0
github.com/zenmanage/zenmanage-go/examples/ab_testing.go:16.2,21.16 3 0
github.com/zenmanage/zenmanage-go/examples/ab_testing.go:21.16,23.3 1 0
github.com/zenmanage/zenmanage-go/examples/ab_testing.go:24.2,24.32 1 0
github.com/zenmanage/zenmanage-go/examples/caching.go:10.82,16.16 2 0
github.com/zenmanage/zenmanage-go/examples/caching.go:16.16,18.3 1 0
github.com/zenmanage/zenmanage-go/examples/caching.go:20.2,26.16 2 0
github.com/zenmanage/zenmanage-go/examples/caching.go:26.16,28.3 1 0
github.com/zenmanage/zenmanage-go/examples/caching.go:30.2,30.32 1 0
github.com/zenmanage/zenmanage-go/examples/common.go:9.60,14.16 2 0
github.com/zenmanage/zenmanage-go/examples/common.go:14.16,16.3 1 0
github.com/zenmanage/zenmanage-go/examples/common.go:17.2,17.32 1 0
github.com/zenmanage/zenmanage-go/examples/context_based_flags.go:10.75,12.16 2 0
github.com/zenmanage/zenmanage-go/examples/context_based_flags.go:12.16,14.3 1 0
github.com/zenmanage/zenmanage-go/examples/context_based_flags.go:16.2,22.16 3 0
github.com/zenmanage/zenmanage-go/examples/context_based_flags.go:22.16,24.3 1 0
github.com/zenmanage/zenmanage-go/examples/context_based_flags.go:25.2,25.30 1 0
github.com/zenmanage/zenmanage-go/examples/defaults.go:10.49,12.16 2 0
github.com/zenmanage/zenmanage-go/examples/defaults.go:12.16,14.3 1 0
github.com/zenmanage/zenmanage-go/examples/defaults.go:16.2,17.16 2 0
github.com/zenmanage/zenmanage-go/examples/defaults.go:17.16,19.3 1 0
github.com/zenmanage/zenmanage-go/examples/defaults.go:21.2,23.16 3 0
github.com/zenmanage/zenmanage-go/examples/defaults.go:23.16,25.3 1 0
github.com/zenmanage/zenmanage-go/examples/defaults.go:27.2,27.64 1 0
github.com/zenmanage/zenmanage-go/examples/percentage_rollouts.go:10.61,12.16 2 0
github.com/zenmanage/zenmanage-go/examples/percentage_rollouts.go:12.16,14.3 1 0
github.com/zenmanage/zenmanage-go/examples/percentage_rollouts.go:16.2,18.16 3 0
github.com/zenmanage/zenmanage-go/examples/percentage_rollouts.go:18.16,20.3 1 0
github.com/zenmanage/zenmanage-go/examples/percentage_rollouts.go:21.2,21.30 1 0
github.com/zenmanage/zenmanage-go/examples/simple_flags.go:6.46,8.16 2 0
github.com/zenmanage/zenmanage-go/examples/simple_flags.go:8.16,10.3 1 0
github.com/zenmanage/zenmanage-go/examples/simple_flags.go:11.2,12.16 2 0
github.com/zenmanage/zenmanage-go/examples/simple_flags.go:12.16,14.3 1 0
github.com/zenmanage/zenmanage-go/examples/simple_flags.go:15.2,15.30 1 0
github.com/zenmanage/zenmanage-go/api_client.go:26.42,36.2 1 1
github.com/zenmanage/zenmanage-go/api_client.go:46.76,49.16 3 1
github.com/zenmanage/zenmanage-go/api_client.go:49.16,51.3 1 0
github.com/zenmanage/zenmanage-go/api_client.go:52.2,52.35 1 1
github.com/zenmanage/zenmanage-go/api_client.go:52.35,54.3 1 0
github.com/zenmanage/zenmanage-go/api_client.go:56.2,57.52 2 1
github.com/zenmanage/zenmanage-go/api_client.go:57.52,59.3 1 1
github.com/zenmanage/zenmanage-go/api_client.go:60.2,60.49 1 1
github.com/zenmanage/zenmanage-go/api_client.go:60.49,62.3 1 1
github.com/zenmanage/zenmanage-go/api_client.go:64.2,66.16 3 1
github.com/zenmanage/zenmanage-go/api_client.go:66.16,68.3 1 0
github.com/zenmanage/zenmanage-go/api_client.go:69.2,69.35 1 1
github.com/zenmanage/zenmanage-go/api_client.go:69.35,71.3 1 0
github.com/zenmanage/zenmanage-go/api_client.go:73.2,74.58 2 1
github.com/zenmanage/zenmanage-go/api_client.go:74.58,76.3 1 1
github.com/zenmanage/zenmanage-go/api_client.go:77.2,77.25 1 1
github.com/zenmanage/zenmanage-go/api_client.go:77.25,79.3 1 0
github.com/zenmanage/zenmanage-go/api_client.go:80.2,80.19 1 1
github.com/zenmanage/zenmanage-go/api_client.go:84.94,85.20 1 1
github.com/zenmanage/zenmanage-go/api_client.go:85.20,87.3 1 1
github.com/zenmanage/zenmanage-go/api_client.go:88.2,91.50 3 1
github.com/zenmanage/zenmanage-go/api_client.go:91.50,93.17 2 1
github.com/zenmanage/zenmanage-go/api_client.go:93.17,95.4 1 1
github.com/zenmanage/zenmanage-go/api_client.go:98.2,99.16 2 1
github.com/zenmanage/zenmanage-go/api_client.go:99.16,101.3 1 0
github.com/zenmanage/zenmanage-go/api_client.go:102.2,102.35 1 1
github.com/zenmanage/zenmanage-go/api_client.go:102.35,104.3 1 0
github.com/zenmanage/zenmanage-go/api_client.go:105.2,105.12 1 1
github.com/zenmanage/zenmanage-go/api_client.go:108.157,112.43 3 1
github.com/zenmanage/zenmanage-go/api_client.go:112.43,113.18 1 1
github.com/zenmanage/zenmanage-go/api_client.go:113.18,115.11 2 1
github.com/zenmanage/zenmanage-go/api_client.go:116.22,117.29 1 0
github.com/zenmanage/zenmanage-go/api_client.go:118.31,118.31 0 1
github.com/zenmanage/zenmanage-go/api_client.go:122.3,123.17 2 1
github.com/zenmanage/zenmanage-go/api_client.go:123.17,125.4 1 0
github.com/zenmanage/zenmanage-go/api_client.go:126.3,127.32 2 1
github.com/zenmanage/zenmanage-go/api_client.go:127.32,129.4 1 1
github.com/zenmanage/zenmanage-go/api_client.go:130.3,130.15 1 1
github.com/zenmanage/zenmanage-go/api_client.go:130.15,133.4 2 1
github.com/zenmanage/zenmanage-go/api_client.go:134.3,134.29 1 1
github.com/zenmanage/zenmanage-go/api_client.go:134.29,136.4 1 1
github.com/zenmanage/zenmanage-go/api_client.go:138.3,139.17 2 1
github.com/zenmanage/zenmanage-go/api_client.go:139.17,141.12 2 1
github.com/zenmanage/zenmanage-go/api_client.go:144.3,146.21 3 1
github.com/zenmanage/zenmanage-go/api_client.go:146.21,148.12 2 0
github.com/zenmanage/zenmanage-go/api_client.go:151.3,152.29 2 1
github.com/zenmanage/zenmanage-go/api_client.go:152.29,154.12 2 1
github.com/zenmanage/zenmanage-go/api_client.go:156.3,156.40 1 1
github.com/zenmanage/zenmanage-go/api_client.go:159.2,159.20 1 0
github.com/zenmanage/zenmanage-go/api_client.go:159.20,161.3 1 0
github.com/zenmanage/zenmanage-go/api_client.go:162.2,162.93 1 0
github.com/zenmanage/zenmanage-go/cache_filesystem.go:24.54,26.2 1 1
github.com/zenmanage/zenmanage-go/cache_filesystem.go:28.55,30.2 1 1
github.com/zenmanage/zenmanage-go/cache_filesystem.go:33.65,38.16 4 1
github.com/zenmanage/zenmanage-go/cache_filesystem.go:38.16,39.37 1 1
github.com/zenmanage/zenmanage-go/cache_filesystem.go:39.37,41.4 1 1
github.com/zenmanage/zenmanage-go/cache_filesystem.go:42.3,42.24 1 0
github.com/zenmanage/zenmanage-go/cache_filesystem.go:44.2,45.52 2 1
github.com/zenmanage/zenmanage-go/cache_filesystem.go:45.52,47.3 1 0
github.com/zenmanage/zenmanage-go/cache_filesystem.go:48.2,48.72 1 1
github.com/zenmanage/zenmanage-go/cache_filesystem.go:48.72,51.3 2 1
github.com/zenmanage/zenmanage-go/cache_filesystem.go:52.2,52.33 1 1
github.com/zenmanage/zenmanage-go/cache_filesystem.go:56.75,60.50 3 1
github.com/zenmanage/zenmanage-go/cache_filesystem.go:60.50,62.3 1 0
github.com/zenmanage/zenmanage-go/cache_filesystem.go:63.2,64.13 2 1
github.com/zenmanage/zenmanage-go/cache_filesystem.go:64.13,66.3 1 1
github.com/zenmanage/zenmanage-go/cache_filesystem.go:67.2,68.16 2 1
github.com/zenmanage/zenmanage-go/cache_filesystem.go:68.16,70.3 1 0
github.com/zenmanage/zenmanage-go/cache_filesystem.go:71.2,71.48 1 1
github.com/zenmanage/zenmanage-go/cache_filesystem.go:75.52,79.36 4 1
github.com/zenmanage/zenmanage-go/cache_filesystem.go:79.36,81.3 1 0
github.com/zenmanage/zenmanage-go/cache_filesystem.go:82.2,82.12 1 1
github.com/zenmanage/zenmanage-go/cache_filesystem.go:86.41,89.50 3 1
github.com/zenmanage/zenmanage-go/cache_filesystem.go:89.50,91.3 1 0
github.com/zenmanage/zenmanage-go/cache_filesystem.go:92.2,93.16 2 1
github.com/zenmanage/zenmanage-go/cache_filesystem.go:93.16,95.3 1 0
github.com/zenmanage/zenmanage-go/cache_filesystem.go:96.2,96.32 1 1
github.com/zenmanage/zenmanage-go/cache_filesystem.go:96.32,97.20 1 1
github.com/zenmanage/zenmanage-go/cache_filesystem.go:97.20,98.12 1 0
github.com/zenmanage/zenmanage-go/cache_filesystem.go:100.3,100.44 1 1
github.com/zenmanage/zenmanage-go/cache_filesystem.go:100.44,101.72 1 1
github.com/zenmanage/zenmanage-go/cache_filesystem.go:101.72,103.5 1 0
github.com/zenmanage/zenmanage-go/cache_filesystem.go:106.2,106.12 1 1
github.com/zenmanage/zenmanage-go/cache_memory.go:20.40,22.2 1 1
github.com/zenmanage/zenmanage-go/cache_memory.go:25.63,29.9 4 1
github.com/zenmanage/zenmanage-go/cache_memory.go:29.9,31.3 1 1
github.com/zenmanage/zenmanage-go/cache_memory.go:32.2,32.68 1 1
github.com/zenmanage/zenmanage-go/cache_memory.go:32.68,37.3 4 1
github.com/zenmanage/zenmanage-go/cache_memory.go:38.2,38.31 1 1
github.com/zenmanage/zenmanage-go/cache_memory.go:42.73,44.13 2 1
github.com/zenmanage/zenmanage-go/cache_memory.go:44.13,46.3 1 1
github.com/zenmanage/zenmanage-go/cache_memory.go:47.2,50.12 4 1
github.com/zenmanage/zenmanage-go/cache_memory.go:54.50,59.2 4 1
github.com/zenmanage/zenmanage-go/cache_memory.go:62.39,67.2 4 1
github.com/zenmanage/zenmanage-go/cache_null.go:9.32,11.2 1 1
github.com/zenmanage/zenmanage-go/cache_null.go:14.55,16.2 1 1
github.com/zenmanage/zenmanage-go/cache_null.go:19.62,21.2 1 1
github.com/zenmanage/zenmanage-go/cache_null.go:24.42,26.2 1 1
github.com/zenmanage/zenmanage-go/cache_null.go:29.35,31.2 1 1
github.com/zenmanage/zenmanage-go/config.go:22.50,22.51 0 0
github.com/zenmanage/zenmanage-go/config.go:23.50,23.51 0 0
github.com/zenmanage/zenmanage-go/config.go:24.50,24.51 0 0
github.com/zenmanage/zenmanage-go/config.go:25.50,25.51 0 0
github.com/zenmanage/zenmanage-go/config.go:48.40,59.2 1 1
github.com/zenmanage/zenmanage-go/config.go:62.45,64.79 2 1
github.com/zenmanage/zenmanage-go/config.go:64.79,66.3 1 1
github.com/zenmanage/zenmanage-go/config.go:67.2,67.71 1 1
github.com/zenmanage/zenmanage-go/config.go:67.71,68.44 1 1
github.com/zenmanage/zenmanage-go/config.go:68.44,70.4 1 1
github.com/zenmanage/zenmanage-go/config.go:72.2,72.75 1 1
github.com/zenmanage/zenmanage-go/config.go:72.75,74.3 1 1
github.com/zenmanage/zenmanage-go/config.go:75.2,75.71 1 1
github.com/zenmanage/zenmanage-go/config.go:75.71,77.3 1 0
github.com/zenmanage/zenmanage-go/config.go:78.2,78.84 1 1
github.com/zenmanage/zenmanage-go/config.go:78.84,79.29 1 1
github.com/zenmanage/zenmanage-go/config.go:80.33,81.30 1 0
github.com/zenmanage/zenmanage-go/config.go:82.34,83.31 1 1
github.com/zenmanage/zenmanage-go/config.go:86.2,86.74 1 1
github.com/zenmanage/zenmanage-go/config.go:86.74,88.3 1 1
github.com/zenmanage/zenmanage-go/config.go:89.2,89.10 1 1
github.com/zenmanage/zenmanage-go/config.go:93.75,96.2 2 1
github.com/zenmanage/zenmanage-go/config.go:99.72,102.2 2 1
github.com/zenmanage/zenmanage-go/config.go:105.73,108.2 2 1
github.com/zenmanage/zenmanage-go/config.go:111.71,114.2 2 1
github.com/zenmanage/zenmanage-go/config.go:117.73,120.2 2 1
github.com/zenmanage/zenmanage-go/config.go:123.73,126.2 2 1
github.com/zenmanage/zenmanage-go/config.go:129.66,130.19 1 1
github.com/zenmanage/zenmanage-go/config.go:130.19,132.3 1 1
github.com/zenmanage/zenmanage-go/config.go:133.2,133.10 1 1
github.com/zenmanage/zenmanage-go/config.go:137.63,140.2 2 1
github.com/zenmanage/zenmanage-go/config.go:143.76,144.19 1 1
github.com/zenmanage/zenmanage-go/config.go:144.19,146.3 1 1
github.com/zenmanage/zenmanage-go/config.go:147.2,147.10 1 1
github.com/zenmanage/zenmanage-go/config.go:151.70,152.56 1 1
github.com/zenmanage/zenmanage-go/config.go:152.56,154.3 1 1
github.com/zenmanage/zenmanage-go/config.go:155.2,155.10 1 1
github.com/zenmanage/zenmanage-go/config.go:159.71,160.58 1 1
github.com/zenmanage/zenmanage-go/config.go:160.58,162.3 1 1
github.com/zenmanage/zenmanage-go/config.go:163.2,163.10 1 1
github.com/zenmanage/zenmanage-go/config.go:167.49,169.32 2 1
github.com/zenmanage/zenmanage-go/config.go:169.32,171.3 1 1
github.com/zenmanage/zenmanage-go/config.go:172.2,172.54 1 1
github.com/zenmanage/zenmanage-go/config.go:172.54,174.3 1 1
github.com/zenmanage/zenmanage-go/config.go:175.2,175.22 1 1
github.com/zenmanage/zenmanage-go/config.go:175.22,177.3 1 0
github.com/zenmanage/zenmanage-go/config.go:178.2,178.28 1 1
github.com/zenmanage/zenmanage-go/config.go:178.28,180.3 1 0
github.com/zenmanage/zenmanage-go/config.go:181.2,181.23 1 1
github.com/zenmanage/zenmanage-go/config.go:181.23,183.3 1 0
github.com/zenmanage/zenmanage-go/config.go:184.2,184.27 1 1
github.com/zenmanage/zenmanage-go/config.go:184.27,186.3 1 0
github.com/zenmanage/zenmanage-go/config.go:187.2,187.28 1 1
github.com/zenmanage/zenmanage-go/config.go:187.28,188.27 1 1
github.com/zenmanage/zenmanage-go/config.go:189.17,190.40 1 1
github.com/zenmanage/zenmanage-go/config.go:191.21,192.32 1 1
github.com/zenmanage/zenmanage-go/config.go:192.32,194.5 1 1
github.com/zenmanage/zenmanage-go/config.go:195.4,195.60 1 0
github.com/zenmanage/zenmanage-go/config.go:196.15,197.36 1 1
github.com/zenmanage/zenmanage-go/config.go:198.11,199.95 1 1
github.com/zenmanage/zenmanage-go/config.go:202.2,202.27 1 1
github.com/zenmanage/zenmanage-go/config.go:202.27,204.3 1 0
github.com/zenmanage/zenmanage-go/config.go:205.2,205.27 1 1
github.com/zenmanage/zenmanage-go/config.go:205.27,207.3 1 0
github.com/zenmanage/zenmanage-go/config.go:208.2,208.26 1 1
github.com/zenmanage/zenmanage-go/config.go:208.26,210.3 1 0
github.com/zenmanage/zenmanage-go/config.go:211.2,211.17 1 1
github.com/zenmanage/zenmanage-go/context.go:14.58,16.2 1 1
github.com/zenmanage/zenmanage-go/context.go:19.33,21.2 1 1
github.com/zenmanage/zenmanage-go/context.go:24.38,26.2 1 1
github.com/zenmanage/zenmanage-go/context.go:29.44,31.2 1 1
github.com/zenmanage/zenmanage-go/context.go:39.79,41.31 2 1
github.com/zenmanage/zenmanage-go/context.go:41.31,43.30 2 1
github.com/zenmanage/zenmanage-go/context.go:43.30,45.4 1 1
github.com/zenmanage/zenmanage-go/context.go:46.3,46.74 1 1
github.com/zenmanage/zenmanage-go/context.go:49.2,54.4 1 1
github.com/zenmanage/zenmanage-go/context.go:58.58,60.2 1 1
github.com/zenmanage/zenmanage-go/context.go:63.48,65.2 1 1
github.com/zenmanage/zenmanage-go/context.go:68.32,70.2 1 1
github.com/zenmanage/zenmanage-go/context.go:73.32,75.2 1 1
github.com/zenmanage/zenmanage-go/context.go:78.38,80.2 1 1
github.com/zenmanage/zenmanage-go/context.go:83.50,87.2 3 1
github.com/zenmanage/zenmanage-go/context.go:90.48,92.32 2 1
github.com/zenmanage/zenmanage-go/context.go:92.32,94.3 1 1
github.com/zenmanage/zenmanage-go/context.go:95.2,95.94 1 1
github.com/zenmanage/zenmanage-go/context.go:99.68,100.41 1 1
github.com/zenmanage/zenmanage-go/context.go:100.41,101.22 1 1
github.com/zenmanage/zenmanage-go/context.go:101.22,103.4 1 1
github.com/zenmanage/zenmanage-go/context.go:105.2,105.34 1 1
github.com/zenmanage/zenmanage-go/context.go:109.33,111.2 1 1
github.com/zenmanage/zenmanage-go/context.go:114.37,116.2 1 1
github.com/zenmanage/zenmanage-go/context.go:119.41,121.2 1 1
github.com/zenmanage/zenmanage-go/defaults_collection.go:9.50,11.2 1 1
github.com/zenmanage/zenmanage-go/defaults_collection.go:14.65,16.27 2 1
github.com/zenmanage/zenmanage-go/defaults_collection.go:16.27,18.3 1 1
github.com/zenmanage/zenmanage-go/defaults_collection.go:19.2,19.10 1 1
github.com/zenmanage/zenmanage-go/defaults_collection.go:23.57,24.21 1 1
github.com/zenmanage/zenmanage-go/defaults_collection.go:24.21,26.3 1 0
github.com/zenmanage/zenmanage-go/defaults_collection.go:27.2,27.23 1 1
github.com/zenmanage/zenmanage-go/defaults_collection.go:31.58,32.33 1 1
github.com/zenmanage/zenmanage-go/defaults_collection.go:32.33,34.3 1 1
github.com/zenmanage/zenmanage-go/defaults_collection.go:35.2,36.14 2 1
github.com/zenmanage/zenmanage-go/defaults_collection.go:40.51,43.2 2 1
github.com/zenmanage/zenmanage-go/defaults_collection.go:46.49,47.33 1 1
github.com/zenmanage/zenmanage-go/defaults_collection.go:47.33,49.3 1 1
github.com/zenmanage/zenmanage-go/defaults_collection.go:50.2,50.23 1 1
github.com/zenmanage/zenmanage-go/defaults_collection.go:54.38,55.14 1 1
github.com/zenmanage/zenmanage-go/defaults_collection.go:55.14,57.3 1 1
github.com/zenmanage/zenmanage-go/defaults_collection.go:58.2,58.29 1 1
github.com/zenmanage/zenmanage-go/defaults_collection.go:62.46,63.33 1 1
github.com/zenmanage/zenmanage-go/defaults_collection.go:63.33,65.3 1 1
github.com/zenmanage/zenmanage-go/defaults_collection.go:66.2,67.26 2 1
github.com/zenmanage/zenmanage-go/defaults_collection.go:67.26,69.3 1 1
github.com/zenmanage/zenmanage-go/defaults_collection.go:70.2,70.13 1 1
github.com/zenmanage/zenmanage-go/defaults_collection.go:74.41,75.33 1 1
github.com/zenmanage/zenmanage-go/defaults_collection.go:75.33,77.3 1 1
github.com/zenmanage/zenmanage-go/defaults_collection.go:78.2,78.22 1 1
github.com/zenmanage/zenmanage-go/defaults_collection.go:82.51,83.33 1 1
github.com/zenmanage/zenmanage-go/defaults_collection.go:83.33,85.3 1 1
github.com/zenmanage/zenmanage-go/defaults_collection.go:86.2,87.29 2 1
github.com/zenmanage/zenmanage-go/defaults_collection.go:87.29,89.3 1 1
github.com/zenmanage/zenmanage-go/defaults_collection.go:90.2,90.12 1 1
github.com/zenmanage/zenmanage-go/errors.go:10.45,12.2 1 1
github.com/zenmanage/zenmanage-go/errors.go:19.42,21.2 1 1
github.com/zenmanage/zenmanage-go/errors.go:29.42,30.23 1 1
github.com/zenmanage/zenmanage-go/errors.go:30.23,32.3 1 1
github.com/zenmanage/zenmanage-go/errors.go:33.2,33.64 1 1
github.com/zenmanage/zenmanage-go/errors.go:41.44,43.2 1 1
github.com/zenmanage/zenmanage-go/flag.go:18.63,28.2 1 1
github.com/zenmanage/zenmanage-go/flag.go:30.49,33.27 3 1
github.com/zenmanage/zenmanage-go/flag.go:34.12,36.30 2 1
github.com/zenmanage/zenmanage-go/flag.go:37.14,39.29 2 1
github.com/zenmanage/zenmanage-go/flag.go:40.11,43.29 3 1
github.com/zenmanage/zenmanage-go/flag.go:44.13,47.29 3 1
github.com/zenmanage/zenmanage-go/flag.go:48.15,50.29 2 1
github.com/zenmanage/zenmanage-go/flag.go:51.15,54.29 3 1
github.com/zenmanage/zenmanage-go/flag.go:55.10,59.29 3 1
github.com/zenmanage/zenmanage-go/flag.go:61.2,67.3 1 1
github.com/zenmanage/zenmanage-go/flag.go:71.32,71.52 1 1
github.com/zenmanage/zenmanage-go/flag.go:74.31,74.47 1 1
github.com/zenmanage/zenmanage-go/flag.go:77.28,77.44 1 1
github.com/zenmanage/zenmanage-go/flag.go:80.29,80.46 1 1
github.com/zenmanage/zenmanage-go/flag.go:83.31,83.50 1 1
github.com/zenmanage/zenmanage-go/flag.go:86.30,86.69 1 1
github.com/zenmanage/zenmanage-go/flag.go:89.38,89.58 1 1
github.com/zenmanage/zenmanage-go/flag.go:92.27,93.15 1 1
github.com/zenmanage/zenmanage-go/flag.go:94.23,95.42 1 1
github.com/zenmanage/zenmanage-go/flag.go:95.42,97.4 1 1
github.com/zenmanage/zenmanage-go/flag.go:98.3,98.15 1 1
github.com/zenmanage/zenmanage-go/flag.go:99.22,100.41 1 1
github.com/zenmanage/zenmanage-go/flag.go:100.41,102.4 1 1
github.com/zenmanage/zenmanage-go/flag.go:103.3,103.20 1 1
github.com/zenmanage/zenmanage-go/flag.go:104.10,105.41 1 1
github.com/zenmanage/zenmanage-go/flag.go:105.41,107.4 1 1
github.com/zenmanage/zenmanage-go/flag.go:108.3,108.12 1 1
github.com/zenmanage/zenmanage-go/flag.go:113.29,114.31 1 1
github.com/zenmanage/zenmanage-go/flag.go:115.12,116.11 1 1
github.com/zenmanage/zenmanage-go/flag.go:117.14,118.45 1 1
github.com/zenmanage/zenmanage-go/flag.go:119.15,120.16 1 0
github.com/zenmanage/zenmanage-go/flag.go:121.10,122.15 1 0
github.com/zenmanage/zenmanage-go/flag.go:127.33,128.31 1 1
github.com/zenmanage/zenmanage-go/flag.go:129.12,130.8 1 1
github.com/zenmanage/zenmanage-go/flag.go:130.8,132.4 1 1
github.com/zenmanage/zenmanage-go/flag.go:133.3,133.17 1 1
github.com/zenmanage/zenmanage-go/flag.go:134.14,135.11 1 1
github.com/zenmanage/zenmanage-go/flag.go:136.15,137.45 1 1
github.com/zenmanage/zenmanage-go/flag.go:138.10,139.12 1 0
github.com/zenmanage/zenmanage-go/flag.go:144.34,145.31 1 1
github.com/zenmanage/zenmanage-go/flag.go:146.12,147.8 1 1
github.com/zenmanage/zenmanage-go/flag.go:147.8,149.4 1 1
github.com/zenmanage/zenmanage-go/flag.go:150.3,150.11 1 1
github.com/zenmanage/zenmanage-go/flag.go:151.14,153.17 2 1
github.com/zenmanage/zenmanage-go/flag.go:153.17,155.4 1 1
github.com/zenmanage/zenmanage-go/flag.go:156.3,156.11 1 0
github.com/zenmanage/zenmanage-go/flag.go:157.15,158.11 1 1
github.com/zenmanage/zenmanage-go/flag.go:159.10,160.11 1 0
github.com/zenmanage/zenmanage-go/flag.go:165.32,167.2 1 1
github.com/zenmanage/zenmanage-go/flag_manager.go:27.132,35.2 1 1
github.com/zenmanage/zenmanage-go/flag_manager.go:38.61,49.2 10 1
github.com/zenmanage/zenmanage-go/flag_manager.go:52.79,63.2 10 1
github.com/zenmanage/zenmanage-go/flag_manager.go:66.63,73.2 6 1
github.com/zenmanage/zenmanage-go/flag_manager.go:76.64,78.16 2 1
github.com/zenmanage/zenmanage-go/flag_manager.go:78.16,80.3 1 0
github.com/zenmanage/zenmanage-go/flag_manager.go:81.2,83.32 3 1
github.com/zenmanage/zenmanage-go/flag_manager.go:83.32,85.17 2 1
github.com/zenmanage/zenmanage-go/flag_manager.go:85.17,87.4 1 0
github.com/zenmanage/zenmanage-go/flag_manager.go:88.3,89.42 2 1
github.com/zenmanage/zenmanage-go/flag_manager.go:91.2,91.17 1 1
github.com/zenmanage/zenmanage-go/flag_manager.go:95.99,97.16 2 1
github.com/zenmanage/zenmanage-go/flag_manager.go:97.16,99.3 1 0
github.com/zenmanage/zenmanage-go/flag_manager.go:100.2,101.32 2 1
github.com/zenmanage/zenmanage-go/flag_manager.go:101.32,102.19 1 1
github.com/zenmanage/zenmanage-go/flag_manager.go:102.19,103.12 1 1
github.com/zenmanage/zenmanage-go/flag_manager.go:105.3,106.17 2 1
github.com/zenmanage/zenmanage-go/flag_manager.go:106.17,108.4 1 0
github.com/zenmanage/zenmanage-go/flag_manager.go:109.3,110.19 2 1
github.com/zenmanage/zenmanage-go/flag_manager.go:113.2,113.28 1 1
github.com/zenmanage/zenmanage-go/flag_manager.go:113.28,117.3 3 1
github.com/zenmanage/zenmanage-go/flag_manager.go:118.2,118.23 1 1
github.com/zenmanage/zenmanage-go/flag_manager.go:118.23,119.39 1 1
github.com/zenmanage/zenmanage-go/flag_manager.go:119.39,123.4 3 1
github.com/zenmanage/zenmanage-go/flag_manager.go:125.2,125.92 1 1
github.com/zenmanage/zenmanage-go/flag_manager.go:128.45,131.22 3 1
github.com/zenmanage/zenmanage-go/flag_manager.go:131.22,133.3 1 1
github.com/zenmanage/zenmanage-go/flag_manager.go:134.2,135.13 2 1
github.com/zenmanage/zenmanage-go/flag_manager.go:138.79,142.65 3 1
github.com/zenmanage/zenmanage-go/flag_manager.go:142.65,143.79 1 1
github.com/zenmanage/zenmanage-go/flag_manager.go:143.79,146.4 2 1
github.com/zenmanage/zenmanage-go/flag_manager.go:149.2,149.26 1 1
github.com/zenmanage/zenmanage-go/flag_manager.go:149.26,151.17 2 1
github.com/zenmanage/zenmanage-go/flag_manager.go:151.17,153.4 1 1
github.com/zenmanage/zenmanage-go/flag_manager.go:154.3,155.17 2 1
github.com/zenmanage/zenmanage-go/flag_manager.go:155.17,157.4 1 0
github.com/zenmanage/zenmanage-go/flag_manager.go:158.3,158.23 1 1
github.com/zenmanage/zenmanage-go/flag_manager.go:158.23,160.4 1 1
github.com/zenmanage/zenmanage-go/flag_manager.go:163.2,163.54 1 1
github.com/zenmanage/zenmanage-go/flag_manager.go:166.77,168.20 2 1
github.com/zenmanage/zenmanage-go/flag_manager.go:168.20,172.3 3 1
github.com/zenmanage/zenmanage-go/flag_manager.go:173.2,175.72 2 1
github.com/zenmanage/zenmanage-go/flag_manager.go:175.72,177.62 2 1
github.com/zenmanage/zenmanage-go/flag_manager.go:177.62,182.4 4 1
github.com/zenmanage/zenmanage-go/flag_manager.go:183.3,183.87 1 0
github.com/zenmanage/zenmanage-go/flag_manager.go:186.2,187.16 2 1
github.com/zenmanage/zenmanage-go/flag_manager.go:187.16,189.3 1 0
github.com/zenmanage/zenmanage-go/flag_manager.go:191.2,192.16 2 1
github.com/zenmanage/zenmanage-go/flag_manager.go:192.16,193.84 1 1
github.com/zenmanage/zenmanage-go/flag_manager.go:193.84,195.4 1 0
github.com/zenmanage/zenmanage-go/flag_manager.go:198.2,201.19 4 1
github.com/zenmanage/zenmanage-go/flag_manager.go:204.75,205.15 1 1
github.com/zenmanage/zenmanage-go/flag_manager.go:205.15,207.3 1 0
github.com/zenmanage/zenmanage-go/flag_manager.go:208.2,208.12 1 1
github.com/zenmanage/zenmanage-go/flag_manager.go:208.12,211.73 3 1
github.com/zenmanage/zenmanage-go/flag_manager.go:211.73,213.4 1 0
github.com/zenmanage/zenmanage-go/rollout.go:8.34,10.2 1 1
github.com/zenmanage/zenmanage-go/rollout.go:13.70,14.29 1 1
github.com/zenmanage/zenmanage-go/rollout.go:14.29,16.3 1 1
github.com/zenmanage/zenmanage-go/rollout.go:17.2,17.21 1 1
github.com/zenmanage/zenmanage-go/rollout.go:17.21,19.3 1 1
github.com/zenmanage/zenmanage-go/rollout.go:20.2,20.23 1 1
github.com/zenmanage/zenmanage-go/rollout.go:20.23,22.3 1 1
github.com/zenmanage/zenmanage-go/rollout.go:23.2,25.28 3 1
github.com/zenmanage/zenmanage-go/rule_engine.go:14.34,16.2 1 1
github.com/zenmanage/zenmanage-go/rule_engine.go:19.86,20.23 1 1
github.com/zenmanage/zenmanage-go/rule_engine.go:20.23,22.17 2 1
github.com/zenmanage/zenmanage-go/rule_engine.go:22.17,24.4 1 0
github.com/zenmanage/zenmanage-go/rule_engine.go:25.3,25.14 1 1
github.com/zenmanage/zenmanage-go/rule_engine.go:25.14,27.4 1 1
github.com/zenmanage/zenmanage-go/rule_engine.go:29.2,29.17 1 1
github.com/zenmanage/zenmanage-go/rule_engine.go:32.76,33.52 1 1
github.com/zenmanage/zenmanage-go/rule_engine.go:33.52,35.3 1 1
github.com/zenmanage/zenmanage-go/rule_engine.go:36.2,36.26 1 1
github.com/zenmanage/zenmanage-go/rule_engine.go:36.26,38.3 1 0
github.com/zenmanage/zenmanage-go/rule_engine.go:39.2,39.38 1 1
github.com/zenmanage/zenmanage-go/rule_engine.go:39.38,41.17 2 1
github.com/zenmanage/zenmanage-go/rule_engine.go:41.17,43.4 1 0
github.com/zenmanage/zenmanage-go/rule_engine.go:44.3,44.10 1 1
github.com/zenmanage/zenmanage-go/rule_engine.go:44.10,46.4 1 1
github.com/zenmanage/zenmanage-go/rule_engine.go:48.2,48.18 1 1
github.com/zenmanage/zenmanage-go/rule_engine.go:51.95,54.74 2 1
github.com/zenmanage/zenmanage-go/rule_engine.go:54.74,56.3 1 1
github.com/zenmanage/zenmanage-go/rule_engine.go:58.2,59.34 2 1
github.com/zenmanage/zenmanage-go/rule_engine.go:59.34,60.13 1 1
github.com/zenmanage/zenmanage-go/rule_engine.go:61.17,62.20 1 0
github.com/zenmanage/zenmanage-go/rule_engine.go:63.18,64.21 1 0
github.com/zenmanage/zenmanage-go/rule_engine.go:65.11,66.21 1 1
github.com/zenmanage/zenmanage-go/rule_engine.go:70.2,72.32 3 1
github.com/zenmanage/zenmanage-go/rule_engine.go:72.32,74.3 1 1
github.com/zenmanage/zenmanage-go/rule_engine.go:76.2,76.59 1 1
github.com/zenmanage/zenmanage-go/rule_engine.go:79.42,84.2 4 1
github.com/zenmanage/zenmanage-go/rule_engine.go:86.67,87.32 1 1
github.com/zenmanage/zenmanage-go/rule_engine.go:87.32,89.3 1 1
github.com/zenmanage/zenmanage-go/rule_engine.go:90.2,91.23 2 1
github.com/zenmanage/zenmanage-go/rule_engine.go:91.23,93.3 1 0
github.com/zenmanage/zenmanage-go/rule_engine.go:94.2,94.33 1 1
github.com/zenmanage/zenmanage-go/rule_engine.go:94.33,95.48 1 1
github.com/zenmanage/zenmanage-go/rule_engine.go:95.48,96.12 1 0
github.com/zenmanage/zenmanage-go/rule_engine.go:98.3,98.81 1 1
github.com/zenmanage/zenmanage-go/rule_engine.go:98.81,100.4 1 1
github.com/zenmanage/zenmanage-go/rule_engine.go:102.2,102.19 1 0
github.com/zenmanage/zenmanage-go/rule_engine.go:105.59,107.27 2 1
github.com/zenmanage/zenmanage-go/rule_engine.go:108.22,110.25 2 0
github.com/zenmanage/zenmanage-go/rule_engine.go:110.25,112.4 1 0
github.com/zenmanage/zenmanage-go/rule_engine.go:113.13,114.26 1 1
github.com/zenmanage/zenmanage-go/rule_engine.go:114.26,116.11 2 1
github.com/zenmanage/zenmanage-go/rule_engine.go:116.11,117.13 1 0
github.com/zenmanage/zenmanage-go/rule_engine.go:119.4,120.26 2 1
github.com/zenmanage/zenmanage-go/rule_engine.go:120.26,122.5 1 1
github.com/zenmanage/zenmanage-go/rule_engine.go:125.2,125.15 1 1
github.com/zenmanage/zenmanage-go/rule_engine.go:128.58,130.44 2 1
github.com/zenmanage/zenmanage-go/rule_engine.go:130.44,132.3 1 1
github.com/zenmanage/zenmanage-go/rule_engine.go:133.2,133.39 1 1
github.com/zenmanage/zenmanage-go/rule_engine.go:133.39,135.3 1 1
github.com/zenmanage/zenmanage-go/rule_engine.go:136.2,136.10 1 1
github.com/zenmanage/zenmanage-go/rule_engine.go:139.90,140.12 1 1
github.com/zenmanage/zenmanage-go/rule_engine.go:141.16,142.46 1 1
github.com/zenmanage/zenmanage-go/rule_engine.go:143.19,144.46 1 1
github.com/zenmanage/zenmanage-go/rule_engine.go:145.12,147.35 2 1
github.com/zenmanage/zenmanage-go/rule_engine.go:147.35,148.35 1 1
github.com/zenmanage/zenmanage-go/rule_engine.go:148.35,149.24 1 1
github.com/zenmanage/zenmanage-go/rule_engine.go:149.24,151.6 1 1
github.com/zenmanage/zenmanage-go/rule_engine.go:154.3,154.20 1 1
github.com/zenmanage/zenmanage-go/rule_engine.go:155.15,157.18 2 1
github.com/zenmanage/zenmanage-go/rule_engine.go:158.18,159.62 1 1
github.com/zenmanage/zenmanage-go/rule_engine.go:160.21,162.18 2 1
github.com/zenmanage/zenmanage-go/rule_engine.go:163.20,164.63 1 1
github.com/zenmanage/zenmanage-go/rule_engine.go:165.18,166.63 1 1
github.com/zenmanage/zenmanage-go/rule_engine.go:167.32,169.17 2 1
github.com/zenmanage/zenmanage-go/rule_engine.go:169.17,171.4 1 0
github.com/zenmanage/zenmanage-go/rule_engine.go:172.3,173.17 2 1
github.com/zenmanage/zenmanage-go/rule_engine.go:173.17,175.4 1 0
github.com/zenmanage/zenmanage-go/rule_engine.go:176.3,176.13 1 1
github.com/zenmanage/zenmanage-go/rule_engine.go:177.13,178.28 1 1
github.com/zenmanage/zenmanage-go/rule_engine.go:179.14,180.29 1 1
github.com/zenmanage/zenmanage-go/rule_engine.go:181.13,182.28 1 1
github.com/zenmanage/zenmanage-go/rule_engine.go:183.11,184.29 1 1
github.com/zenmanage/zenmanage-go/rule_engine.go:186.16,187.30 1 1
github.com/zenmanage/zenmanage-go/rule_engine.go:188.17,189.30 1 1
github.com/zenmanage/zenmanage-go/rule_engine.go:190.15,192.17 2 1
github.com/zenmanage/zenmanage-go/rule_engine.go:192.17,194.4 1 0
github.com/zenmanage/zenmanage-go/rule_engine.go:195.3,195.40 1 1
github.com/zenmanage/zenmanage-go/rule_engine.go:196.10,197.87 1 1
github.com/zenmanage/zenmanage-go/rule_engine.go:201.29,202.23 1 1
github.com/zenmanage/zenmanage-go/rule_engine.go:203.11,204.12 1 1
github.com/zenmanage/zenmanage-go/rule_engine.go:205.14,206.11 1 1
github.com/zenmanage/zenmanage-go/rule_engine.go:207.20,208.20 1 0
github.com/zenmanage/zenmanage-go/rule_engine.go:209.15,210.45 1 1
github.com/zenmanage/zenmanage-go/rule_engine.go:211.15,212.54 1 1
github.com/zenmanage/zenmanage-go/rule_engine.go:213.11,214.25 1 1
github.com/zenmanage/zenmanage-go/rule_engine.go:215.13,216.34 1 1
github.com/zenmanage/zenmanage-go/rule_engine.go:217.12,218.8 1 1
github.com/zenmanage/zenmanage-go/rule_engine.go:218.8,220.4 1 1
github.com/zenmanage/zenmanage-go/rule_engine.go:221.3,221.17 1 1
github.com/zenmanage/zenmanage-go/rule_engine.go:222.10,223.12 1 0
github.com/zenmanage/zenmanage-go/rule_engine.go:227.36,228.23 1 1
github.com/zenmanage/zenmanage-go/rule_engine.go:229.16,230.34 1 1
github.com/zenmanage/zenmanage-go/rule_engine.go:231.13,233.26 2 1
github.com/zenmanage/zenmanage-go/rule_engine.go:233.26,235.4 1 1
github.com/zenmanage/zenmanage-go/rule_engine.go:236.3,236.13 1 1
github.com/zenmanage/zenmanage-go/rule_engine.go:237.14,238.21 1 1
github.com/zenmanage/zenmanage-go/rule_engine.go:239.10,240.13 1 1
github.com/zenmanage/zenmanage-go/zenmanage.go:9.36,14.2 4 1
github.com/zenmanage/zenmanage-go/zenmanage.go:17.42,19.2 1 1
